// Jest Snapshot v1, https://goo.gl/fbAQLP

exports[`App Screenshot should be matched 1`] = `ShallowWrapper {}`;

exports[`Dashboard Screenshot should be matched 1`] = `ShallowWrapper {}`;
